2021-03-11 22:34:55,664:INFO:flipkrat.py:Url hitted
2021-03-11 22:34:55,871:INFO:flipkrat.py:login popup handled
2021-03-11 22:34:56,219:INFO:flipkrat.py:Search begins
2021-03-11 22:34:59,039:INFO:flipkrat.py:Data saved in scrapper file
2021-03-11 22:35:58,120:INFO:flipkrat.py:Url hitted
2021-03-11 22:35:58,315:INFO:flipkrat.py:login popup handled
2021-03-11 22:35:58,591:INFO:flipkrat.py:Search begins
2021-03-11 22:36:01,400:INFO:flipkrat.py:Data saved in scrapper file
2021-03-11 22:36:23,309:INFO:flipkrat.py:Url hitted
2021-03-11 22:36:23,496:INFO:flipkrat.py:login popup handled
2021-03-11 22:36:23,770:INFO:flipkrat.py:Search begins
2021-03-11 22:36:33,418:INFO:flipkrat.py:Url hitted
2021-03-11 22:36:33,647:INFO:flipkrat.py:login popup handled
2021-03-11 22:36:34,002:INFO:flipkrat.py:Search begins
2021-03-11 22:36:36,914:INFO:flipkrat.py:Data saved in scrapper file
2021-03-11 22:37:59,845:INFO:flipkrat.py:Thread run completed
2021-03-12 18:10:07,996:INFO:flipkrat.py:Url hitted
2021-03-12 18:10:08,216:INFO:flipkrat.py:login popup handled
2021-03-12 18:10:08,649:INFO:flipkrat.py:Search begins for Nike
2021-03-12 18:10:15,835:INFO:flipkrat.py:Data saved in scrapper file
2021-03-12 18:21:17,976:INFO:flipkrat.py:Url hitted
2021-03-12 18:21:18,307:INFO:flipkrat.py:login popup handled
2021-03-12 18:21:18,661:INFO:flipkrat.py:Search begins for shorts
2021-03-12 18:21:45,120:INFO:flipkrat.py:Thread run completed
2021-03-12 18:51:46,598:INFO:flipkrat.py:Url hitted
2021-03-12 18:51:46,854:INFO:flipkrat.py:login popup handled
2021-03-12 18:51:47,148:INFO:flipkrat.py:Search begins for Nike
2021-03-12 18:51:52,934:INFO:flipkrat.py:Data saved in scrapper file
2021-03-12 18:59:13,412:INFO:flipkrat.py:Url hitted
2021-03-12 18:59:13,585:INFO:flipkrat.py:login popup handled
2021-03-12 18:59:13,871:INFO:flipkrat.py:Search begins for Nike
2021-03-12 18:59:20,027:INFO:flipkrat.py:Data saved in scrapper file
2021-03-12 19:05:39,138:INFO:flipkrat.py:Url hitted
2021-03-12 19:05:39,293:INFO:flipkrat.py:login popup handled
2021-03-12 19:05:39,627:INFO:flipkrat.py:Search begins for Saree
2021-03-12 19:05:45,435:INFO:flipkrat.py:Data saved in scrapper file
2021-03-12 19:48:30,551:INFO:flipkrat.py:Url hitted
2021-03-12 19:48:32,022:INFO:flipkrat.py:login popup handled
2021-03-12 19:48:33,971:INFO:flipkrat.py:Search begins for Nike
2021-03-12 19:48:39,271:INFO:flipkrat.py:Data saved in scrapper file
2021-03-12 19:52:16,469:INFO:flipkrat.py:Url hitted
2021-03-12 19:52:16,797:INFO:flipkrat.py:login popup handled
2021-03-12 19:52:17,244:INFO:flipkrat.py:Search begins for Nike
2021-03-12 19:52:19,627:INFO:flipkrat.py:Data saved in scrapper file
2021-03-12 22:38:31,082:INFO:flipkrat.py:Url hitted
2021-03-12 22:38:31,387:INFO:flipkrat.py:login popup handled
2021-03-12 22:38:31,835:INFO:flipkrat.py:Search begins for Nike
2021-03-12 22:38:38,080:INFO:flipkrat.py:Data saved in scrapper file
2021-10-18 12:41:00,119:INFO:flipkrat.py:Url hitted
2021-10-18 12:41:00,244:INFO:flipkrat.py:login popup handled
2021-10-18 12:41:00,558:INFO:flipkrat.py:Search begins for samung
2021-10-19 18:33:45,106:INFO:flipkrat.py:Url hitted
2021-10-19 18:33:45,366:INFO:flipkrat.py:login popup handled
2021-10-19 18:33:45,853:INFO:flipkrat.py:Search begins for samsung
2021-10-19 18:33:51,158:INFO:flipkrat.py:Data saved in scrapper file
2021-10-19 18:36:11,544:INFO:flipkrat.py:Url hitted
2021-10-19 18:36:11,769:INFO:flipkrat.py:login popup handled
2021-10-19 18:36:12,185:INFO:flipkrat.py:Search begins for samsung
2021-10-19 18:36:17,630:INFO:flipkrat.py:Data saved in scrapper file
2021-10-19 18:37:31,098:INFO:flipkrat.py:Url hitted
2021-10-19 18:37:31,616:INFO:flipkrat.py:login popup handled
2021-10-19 18:37:32,194:INFO:flipkrat.py:Search begins for samsung
2021-10-19 18:37:40,981:INFO:flipkrat.py:Data saved in scrapper file
2021-10-19 20:14:07,031:INFO:flipkrat.py:Url hitted
2021-10-19 20:14:07,295:INFO:flipkrat.py:login popup handled
2021-10-19 20:14:07,637:INFO:flipkrat.py:Search begins for samsung
2021-10-19 20:16:14,983:INFO:flipkrat.py:Thread run completed
2021-10-21 14:07:31,481:INFO:flipkrat.py:Url hitted
2021-10-21 14:07:31,763:INFO:flipkrat.py:login popup handled
2021-10-21 14:07:32,168:INFO:flipkrat.py:Search begins for samsung
2021-10-21 14:07:43,510:INFO:flipkrat.py:Data saved in scrapper file
2021-10-23 13:20:33,737:INFO:flipkrat.py:Url hitted
2021-10-23 13:20:33,836:INFO:flipkrat.py:login popup handled
2021-10-23 13:20:34,271:INFO:flipkrat.py:Search begins for samsung
2021-10-23 13:20:50,707:INFO:flipkrat.py:Data saved in scrapper file
